[    0.0s] loading framework prefixes
[   19.7s] micro-asserts OK: M-checkpoints, H(2,2)=-224/225, E(6,8)
[   19.7s] extracting primes <= NMAX
[   22.2s] 12283531 primes
[   22.2s] k=5: y=174, 125 samples; test 3 on all
[   22.4s]   k=5: corrA mean +0.0338 (pos 0.64, |z|>2 0.00); corrB mean +0.0435 (pos 0.69, |z|>2 0.00)
[   22.4s] k=6: y=715, 541 samples; test 3 on all
[   22.5s]   k=6: corrA mean +0.0260 (pos 0.70, |z|>2 0.00); corrB mean +0.0198 (pos 0.66, |z|>2 0.01)
[   22.5s] k=7: y=3115, 2400 samples; test 3 on all
[   22.8s]   k=7: corrA mean +0.0164 (pos 0.69, |z|>2 0.00); corrB mean +0.0111 (pos 0.66, |z|>2 0.00)
[   22.8s] k=8: y=14937, 11822 samples; test 3 on all
[   24.5s]   k=8: corrA mean +0.0064 (pos 0.61, |z|>2 0.01); corrB mean +0.0043 (pos 0.62, |z|>2 0.01)
[   24.5s] test 1: diagonal variance V(x)
[   24.5s]   k=5 n=48 x=2400: V=2.0861e+03 V/x=0.8692 V/(x log x)=0.1117 nq=342
[   24.5s]   k=5 n=63 x=4095: V=3.3657e+03 V/x=0.8219 V/(x log x)=0.0988 nq=546
[   24.5s]   k=5 n=78 x=6240: V=5.1627e+03 V/x=0.8274 V/(x log x)=0.0947 nq=790
[   24.5s]   k=5 n=93 x=8835: V=7.3174e+03 V/x=0.8282 V/(x log x)=0.0911 nq=1076
[   24.5s]   k=5 n=108 x=11880: V=9.6324e+03 V/x=0.8108 V/(x log x)=0.0864 nq=1395
[   24.5s]   k=5 n=123 x=15375: V=1.2023e+04 V/x=0.7820 V/(x log x)=0.0811 nq=1766
[   24.5s]   k=5 n=138 x=19320: V=1.5251e+04 V/x=0.7894 V/(x log x)=0.0800 nq=2157
[   24.5s]   k=5 n=153 x=23715: V=1.7414e+04 V/x=0.7343 V/(x log x)=0.0729 nq=2601
[   24.5s]   k=5 n=168 x=28560: V=2.0971e+04 V/x=0.7343 V/(x log x)=0.0716 nq=3068
[   24.5s]   k=5 n=172 x=29928: V=2.2374e+04 V/x=0.7476 V/(x log x)=0.0725 nq=3202
[   24.5s]   k=6 n=173 x=30275: V=2.2179e+04 V/x=0.7326 V/(x log x)=0.0710 nq=3234
[   24.5s]   k=6 n=240 x=58080: V=4.0044e+04 V/x=0.6895 V/(x log x)=0.0629 nq=5830
[   24.5s]   k=6 n=307 x=94863: V=6.3589e+04 V/x=0.6703 V/(x log x)=0.0585 nq=9084
[   24.5s]   k=6 n=374 x=140624: V=9.1542e+04 V/x=0.6510 V/(x log x)=0.0549 nq=12988
[   24.5s]   k=6 n=441 x=195363: V=1.2497e+05 V/x=0.6397 V/(x log x)=0.0525 nq=17522
[   24.5s]   k=6 n=508 x=259080: V=1.6272e+05 V/x=0.6281 V/(x log x)=0.0504 nq=22669
[   24.5s]   k=6 n=575 x=331775: V=2.0309e+05 V/x=0.6121 V/(x log x)=0.0482 nq=28441
[   24.5s]   k=6 n=642 x=413448: V=2.5237e+05 V/x=0.6104 V/(x log x)=0.0472 nq=34759
[   24.5s]   k=6 n=709 x=504099: V=3.0297e+05 V/x=0.6010 V/(x log x)=0.0458 nq=41713
[   24.5s]   k=6 n=713 x=509795: V=3.0625e+05 V/x=0.6007 V/(x log x)=0.0457 nq=42148
[   24.5s]   k=7 n=714 x=511224: V=3.0821e+05 V/x=0.6029 V/(x log x)=0.0459 nq=42258
[   24.5s]   k=7 n=1014 x=1030224: V=5.8566e+05 V/x=0.5685 V/(x log x)=0.0411 nq=80551
[   24.5s]   k=7 n=1314 x=1729224: V=9.5509e+05 V/x=0.5523 V/(x log x)=0.0385 nq=129943
[   24.5s]   k=7 n=1614 x=2608224: V=1.3985e+06 V/x=0.5362 V/(x log x)=0.0363 nq=190159
[   24.5s]   k=7 n=1914 x=3667224: V=1.9290e+06 V/x=0.5260 V/(x log x)=0.0348 nq=260900
[   24.6s]   k=7 n=2214 x=4906224: V=2.5188e+06 V/x=0.5134 V/(x log x)=0.0333 nq=342061
[   24.6s]   k=7 n=2514 x=6325224: V=3.2110e+06 V/x=0.5076 V/(x log x)=0.0324 nq=433324
[   24.6s]   k=7 n=2814 x=7924224: V=3.9632e+06 V/x=0.5001 V/(x log x)=0.0315 nq=534616
[   24.7s]   k=7 n=3113 x=9696995: V=4.8297e+06 V/x=0.4981 V/(x log x)=0.0310 nq=645439
[   24.7s]   k=8 n=3114 x=9703224: V=4.8346e+06 V/x=0.4983 V/(x log x)=0.0310 nq=645801
[   24.8s]   k=8 n=4591 x=21086463: V=1.0065e+07 V/x=0.4773 V/(x log x)=0.0283 nq=1334480
[   25.0s]   k=8 n=6068 x=36832760: V=1.7025e+07 V/x=0.4622 V/(x log x)=0.0265 nq=2251288
[   25.3s]   k=8 n=7545 x=56942115: V=2.5723e+07 V/x=0.4517 V/(x log x)=0.0253 nq=3390283
[   25.7s]   k=8 n=9022 x=81414528: V=3.6108e+07 V/x=0.4435 V/(x log x)=0.0243 nq=4746165
[   26.2s]   k=8 n=10499 x=110249999: V=4.8309e+07 V/x=0.4382 V/(x log x)=0.0237 nq=6315490
[   26.9s]   k=8 n=11976 x=143448528: V=6.2125e+07 V/x=0.4331 V/(x log x)=0.0231 nq=8094603
[   27.7s]   k=8 n=13453 x=181010115: V=7.7379e+07 V/x=0.4275 V/(x log x)=0.0225 nq=10081712
[   28.7s]   k=8 n=14930 x=222934760: V=9.4188e+07 V/x=0.4225 V/(x log x)=0.0220 nq=12273526
[   29.6s]   k=8 n=14935 x=223084095: V=9.4254e+07 V/x=0.4225 V/(x log x)=0.0220 nq=12281343
[   29.6s] test 1 global slope d log V / d log x = 0.9350  (kill if clearly > 1)
[   29.6s] done; peak RSS = 5.5 GB
