[     0.0s] arrays loaded; HARD ASSERTS M(6)=-1 M(8)=-2 M(30)=-3 OK
[     0.0s] 5000 zeros, gamma_1=14.13472514173469379045725198, T_max=5447.861998301299856412158673
[     0.6s] === x=999999 k=7 y=3115 K=320 nnz=196 S=-6.071902 |S|/sqrt(x)=0.00607 minz=114
[     0.8s]     mpmath: F 1.14e-15 (14.9 dig)  G 2.36e-16 (15.6 dig)
[     0.9s]     OVERSHOOT@Tmax psi=3489 li=311.7  resid/|S| raw=-19.815 ces=-19.645  off_pred=115.72 off_fit_ces=-118.94 (sd 0.35)
[     2.1s] === x=9998243 k=8 y=14937 K=669 nnz=408 S=-206.846987 |S|/sqrt(x)=0.06542 minz=136
[     2.5s]     mpmath: F 1.67e-15 (14.8 dig)  G 1.77e-16 (15.8 dig)
[     2.5s]     OVERSHOOT@Tmax psi=352.6 li=26.84  resid/|S| raw=-1.880 ces=-1.841  off_pred=383.29 off_fit_ces=-378.23 (sd 2.04)
[    15.7s] === x=99999999 k=8 y=14937 K=6694 nnz=4071 S=-363.471579 |S|/sqrt(x)=0.03635 minz=136
[    19.3s]     mpmath: F 2.00e-15 (14.7 dig)  G 1.54e-16 (15.8 dig)
[    19.3s]     OVERSHOOT@Tmax psi=796.1 li=56.3  resid/|S| raw=-2.152 ces=-2.255  off_pred=820.85 off_fit_ces=-825.98 (sd 3.89)
[    43.6s] === x=999950883 k=9 y=80435 K=12431 nnz=7557 S=1359.190583 |S|/sqrt(x)=0.04298 minz=160
[    50.1s]     mpmath: F 2.08e-15 (14.7 dig)  G 1.66e-16 (15.8 dig)
[    50.2s]     OVERSHOOT@Tmax psi=714.4 li=44.32  resid/|S| raw=-0.589 ces=-0.652  off_pred=785.95 off_fit_ces=-914.28 (sd 24.18)
[    50.2s] ensemble: 48 square samples per decade, 14 procs
[   247.9s] ensemble done
[   247.9s] wrote k2_summary.json
{
  "absrecomb_over_sqrtx_li_T2000": {
    "exponent": 0.009502837203606855,
    "prefactor": 1.339372153171414,
    "r2": 0.18445480814548132,
    "x": [
      953551.5,
      9850181.5,
      99530551.5,
      998465201.5
    ],
    "values": [
      1.5632363783543404,
      1.4551905051715919,
      1.7092542935585442,
      1.5946105971718367
    ]
  },
  "absrecomb_over_sqrtx_li_Tmax": {
    "exponent": 0.00770865717718126,
    "prefactor": 1.6598719566457472,
    "r2": 0.13379217420934764,
    "x": [
      953551.5,
      9850181.5,
      99530551.5,
      998465201.5
    ],
    "values": [
      1.8894717251459594,
      1.754065528517331,
      2.0465347087857007,
      1.9051188744100829
    ]
  },
  "absrecomb_over_sqrtx_psi_T2000": {
    "exponent": 0.06014017728274698,
    "prefactor": 7.54232150714845,
    "r2": 0.9491879326120106,
    "x": [
      953551.5,
      9850181.5,
      99530551.5,
      998465201.5
    ],
    "values": [
      17.41845250690075,
      19.073619048845806,
      24.104475872879412,
      25.638085224244907
    ]
  },
  "absrecomb_over_sqrtx_psi_Tmax": {
    "exponent": 0.05842211449891035,
    "prefactor": 9.356310063721356,
    "r2": 0.9488061543447502,
    "x": [
      953551.5,
      9850181.5,
      99530551.5,
      998465201.5
    ],
    "values": [
      21.097680886646238,
      23.038804111487025,
      28.93184872688846,
      30.70880371678203
    ]
  },
  "mean_absF_K": {
    "exponent": 0.05307979757845363,
    "prefactor": 1.1533757621985972,
    "r2": 0.9455698273381693,
    "x": [
      953551.5,
      9850181.5,
      99530551.5,
      998465201.5
    ],
    "values": [
      2.412662082341576,
      2.615329827112009,
      3.223888259140997,
      3.3906736832928335
    ]
  },
  "median_overshoot_li_T2000": {
    "exponent": 0.10246384821222097,
    "prefactor": 6.519320546297751,
    "r2": 0.1416641711289699,
    "x": [
      953551.5,
      9850181.5,
      99530551.5,
      998465201.5
    ],
    "values": [
      13.094672450018379,
      88.95322730485012,
      53.68515806439039,
      34.00542848725631
    ]
  },
  "median_overshoot_li_Tmax": {
    "exponent": 0.10067138428331794,
    "prefactor": 8.07923007329656,
    "r2": 0.13730174810488138,
    "x": [
      953551.5,
      9850181.5,
      99530551.5,
      998465201.5
    ],
    "values": [
      15.82663422714581,
      107.23532668552966,
      64.27860020452513,
      40.62714088565211
    ]
  },
  "median_overshoot_psi_T2000": {
    "exponent": 0.15312379323510494,
    "prefactor": 36.696532794131805,
    "r2": 0.26113720979748356,
    "x": [
      953551.5,
      9850181.5,
      99530551.5,
      998465201.5
    ],
    "values": [
      145.87661642353999,
      1166.0481523619396,
      757.1124084592041,
      546.7258214460423
    ]
  },
  "median_overshoot_psi_Tmax": {
    "exponent": 0.15140154705137338,
    "prefactor": 45.52664265437629,
    "r2": 0.2566376944984603,
    "x": [
      953551.5,
      9850181.5,
      99530551.5,
      998465201.5
    ],
    "values": [
      176.68953662262808,
      1408.588628259455,
      908.7332955301843,
      654.8580667303468
    ]
  },
  "overshoot_vs_rmsS_li_T2000": {
    "exponent": 0.19373176121697586,
    "prefactor": 0.9771257319913967,
    "r2": 0.4656506148689259,
    "x": [
      953551.5,
      9850181.5,
      99530551.5,
      998465201.5
    ],
    "values": [
      7.873624577520621,
      45.15453135011613,
      47.76705739560944,
      34.35209380964604
    ]
  },
  "overshoot_vs_rmsS_li_Tmax": {
    "exponent": 0.19194731869950304,
    "prefactor": 1.2107314002955358,
    "r2": 0.4609162693584089,
    "x": [
      953551.5,
      9850181.5,
      99530551.5,
      998465201.5
    ],
    "values": [
      9.516311932613398,
      54.428607386171244,
      57.19254246597841,
      41.04232833645947
    ]
  },
  "overshoot_vs_rmsS_psi_T2000": {
    "exponent": 0.24439467038054785,
    "prefactor": 5.4996492981680705,
    "r2": 0.5704623376445743,
    "x": [
      953551.5,
      9850181.5,
      99530551.5,
      998465201.5
    ],
    "values": [
      87.72082734737002,
      591.76501200542,
      673.6373453173477,
      552.3178695248289
    ]
  },
  "overshoot_vs_rmsS_psi_Tmax": {
    "exponent": 0.24267882202410354,
    "prefactor": 6.822119371867874,
    "r2": 0.5669143813085457,
    "x": [
      953551.5,
      9850181.5,
      99530551.5,
      998465201.5
    ],
    "values": [
      106.2497384170148,
      714.7861219577883,
      808.5400653439232,
      661.5686094719678
    ]
  },
  "pinned_overshoot_li_T2000": {
    "exponent": -0.22013650724753137,
    "prefactor": 2518.5273887007006,
    "r2": 0.3798751894083069,
    "x": [
      999999.0,
      9998243.0,
      99999999.0,
      999950883.0
    ],
    "values": [
      257.80034280426014,
      22.26895395817709,
      47.01531379585043,
      37.09287019122407
    ]
  },
  "pinned_overshoot_li_Tmax": {
    "exponent": -0.22196556849441396,
    "prefactor": 3123.235446341097,
    "r2": 0.38400707576422644,
    "x": [
      999999.0,
      9998243.0,
      99999999.0,
      999950883.0
    ],
    "values": [
      311.68369362938694,
      26.836783790367473,
      56.295326614771135,
      44.31560916187708
    ]
  },
  "pinned_overshoot_psi_T2000": {
    "exponent": -0.16951485233492694,
    "prefactor": 14185.990550034925,
    "r2": 0.2752911108799997,
    "x": [
      999999.0,
      9998243.0,
      99999999.0,
      999950883.0
    ],
    "values": [
      2880.004510282864,
      292.00364264052234,
      663.2370455207858,
      596.4300386817146
    ]
  },
  "pinned_overshoot_psi_Tmax": {
    "exponent": -0.17126109934645026,
    "prefactor": 17607.100217267332,
    "r2": 0.27956907496025485,
    "x": [
      999999.0,
      9998243.0,
      99999999.0,
      999950883.0
    ],
    "values": [
      3489.0244672941817,
      352.6432918768958,
      796.0876663976007,
      714.3887793104007
    ]
  },
  "rms_absS_over_sqrtx": {
    "exponent": -0.18605228776243715,
    "prefactor": 1.4193556203662834,
    "r2": 0.4276886267370603,
    "x": [
      953551.5,
      9850181.5,
      99530551.5,
      998465201.5
    ],
    "values": [
      0.20116171376044686,
      0.032270586581611284,
      0.0357640287804747,
      0.04640499593035013
    ]
  }
}
{
  "1000000": {
    "cap": 1000000,
    "n": 48,
    "x_min": 908208,
    "x_max": 999999,
    "rms_absS_over_sqrtx": 0.20116171376044686,
    "median_absS": 116.87074346234067,
    "rms_S": 193.90047345096548,
    "median_overshoot_li_Tmax": 15.82663422714581,
    "q25_overshoot_li_Tmax": 6.503796765674863,
    "q75_overshoot_li_Tmax": 33.439997296923245,
    "median_overshoot_psi_Tmax": 176.68953662262808,
    "q25_overshoot_psi_Tmax": 72.59973356057438,
    "q75_overshoot_psi_Tmax": 374.00133523306283,
    "median_overshoot_li_T2000": 13.094672450018379,
    "q25_overshoot_li_T2000": 5.373702500824823,
    "q75_overshoot_li_T2000": 27.65992808704472,
    "median_overshoot_psi_T2000": 145.87661642353999,
    "q25_overshoot_psi_T2000": 59.87619122515134,
    "q75_overshoot_psi_T2000": 308.7311280028943,
    "median_absrecomb_over_sqrtx_li_Tmax": 1.8894717251459594,
    "median_absrecomb_over_sqrtx_psi_Tmax": 21.097680886646238,
    "median_absrecomb_over_sqrtx_li_T2000": 1.5632363783543404,
    "median_absrecomb_over_sqrtx_psi_T2000": 17.41845250690075,
    "overshoot_vs_rmsS_li_Tmax": 9.516311932613398,
    "overshoot_vs_rmsS_psi_Tmax": 106.2497384170148,
    "overshoot_vs_rmsS_li_T2000": 7.873624577520621,
    "overshoot_vs_rmsS_psi_T2000": 87.72082734737002,
    "mean_absF": 2.412662082341576
  },
  "10000000": {
    "cap": 10000000,
    "n": 48,
    "x_min": 9703224,
    "x_max": 9998243,
    "rms_absS_over_sqrtx": 0.032270586581611284,
    "median_absS": 51.33324775125948,
    "rms_S": 101.15932698231602,
    "median_overshoot_li_Tmax": 107.23532668552966,
    "q25_overshoot_li_Tmax": 49.05172402774154,
    "q75_overshoot_li_Tmax": 284.7634922748215,
    "median_overshoot_psi_Tmax": 1408.588628259455,
    "q25_overshoot_psi_Tmax": 644.2750708527622,
    "q75_overshoot_psi_Tmax": 3740.875738591592,
    "median_overshoot_li_T2000": 88.95322730485012,
    "q25_overshoot_li_T2000": 40.6920958029163,
    "q75_overshoot_li_T2000": 236.27370608377066,
    "median_overshoot_psi_T2000": 1166.0481523619396,
    "q25_overshoot_psi_T2000": 533.3730557582007,
    "q75_overshoot_psi_T2000": 3097.347284074384,
    "median_absrecomb_over_sqrtx_li_Tmax": 1.754065528517331,
    "median_absrecomb_over_sqrtx_psi_Tmax": 23.038804111487025,
    "median_absrecomb_over_sqrtx_li_T2000": 1.4551905051715919,
    "median_absrecomb_over_sqrtx_psi_T2000": 19.073619048845806,
    "overshoot_vs_rmsS_li_Tmax": 54.428607386171244,
    "overshoot_vs_rmsS_psi_Tmax": 714.7861219577883,
    "overshoot_vs_rmsS_li_T2000": 45.15453135011613,
    "overshoot_vs_rmsS_psi_T2000": 591.76501200542,
    "mean_absF": 2.615329827112009
  },
  "100000000": {
    "cap": 100000000,
    "n": 48,
    "x_min": 99062208,
    "x_max": 99999999,
    "rms_absS_over_sqrtx": 0.0357640287804747,
    "median_absS": 317.6667395939003,
    "rms_S": 356.99160193352066,
    "median_overshoot_li_Tmax": 64.27860020452513,
    "q25_overshoot_li_Tmax": 45.84999654147643,
    "q75_overshoot_li_Tmax": 133.87392906840165,
    "median_overshoot_psi_Tmax": 908.7332955301843,
    "q25_overshoot_psi_Tmax": 648.1504365768614,
    "q75_overshoot_psi_Tmax": 1892.4136335916878,
    "median_overshoot_li_T2000": 53.68515806439039,
    "q25_overshoot_li_T2000": 38.29460530674422,
    "q75_overshoot_li_T2000": 111.81115314004757,
    "median_overshoot_psi_T2000": 757.1124084592041,
    "q25_overshoot_psi_T2000": 540.0132360613603,
    "q75_overshoot_psi_T2000": 1576.6675171669453,
    "median_absrecomb_over_sqrtx_li_Tmax": 2.0465347087857007,
    "median_absrecomb_over_sqrtx_psi_Tmax": 28.93184872688846,
    "median_absrecomb_over_sqrtx_li_T2000": 1.7092542935585442,
    "median_absrecomb_over_sqrtx_psi_T2000": 24.104475872879412,
    "overshoot_vs_rmsS_li_Tmax": 57.19254246597841,
    "overshoot_vs_rmsS_psi_Tmax": 808.5400653439232,
    "overshoot_vs_rmsS_li_T2000": 47.76705739560944,
    "overshoot_vs_rmsS_psi_T2000": 673.6373453173477,
    "mean_absF": 3.223888259140997
  },
  "1000000000": {
    "cap": 1000000000,
    "n": 48,
    "x_min": 996980624,
    "x_max": 999950883,
    "rms_absS_over_sqrtx": 0.04640499593035013,
    "median_absS": 1481.733004361624,
    "rms_S": 1466.6104853875859,
    "median_overshoot_li_Tmax": 40.62714088565211,
    "q25_overshoot_li_Tmax": 34.77144022249001,
    "q75_overshoot_li_Tmax": 52.04002413710147,
    "median_overshoot_psi_Tmax": 654.8580667303468,
    "q25_overshoot_psi_Tmax": 560.4925894629761,
    "q75_overshoot_psi_Tmax": 838.7852403286893,
    "median_overshoot_li_T2000": 34.00542848725631,
    "q25_overshoot_li_T2000": 29.10456784776687,
    "q75_overshoot_li_T2000": 43.55732364230821,
    "median_overshoot_psi_T2000": 546.7258214460423,
    "q25_overshoot_psi_T2000": 467.94789147363946,
    "q75_overshoot_psi_T2000": 700.2720120022944,
    "median_absrecomb_over_sqrtx_li_Tmax": 1.9051188744100829,
    "median_absrecomb_over_sqrtx_psi_Tmax": 30.70880371678203,
    "median_absrecomb_over_sqrtx_li_T2000": 1.5946105971718367,
    "median_absrecomb_over_sqrtx_psi_T2000": 25.638085224244907,
    "overshoot_vs_rmsS_li_Tmax": 41.04232833645947,
    "overshoot_vs_rmsS_psi_Tmax": 661.5686094719678,
    "overshoot_vs_rmsS_li_T2000": 34.35209380964604,
    "overshoot_vs_rmsS_psi_T2000": 552.3178695248289,
    "mean_absF": 3.3906736832928335
  }
}
